shards 19 K 26730018 search s 164
WOODm1  -1.264   -91.4 ALENRENDRAYCUTREFUGES bible_Danish.npz D 407328 AL/es EN/es RENDRA/fr Y/es CUT/en REFUGES/en
WOODm1  -1.571   -90.2 DIWAHNODENSVEMOINCISE bible_Italian.npz P 250181 DI/it WAHN/de O/pt DENS/en VE/pt MOI/fr NCISE/it
WOODm1  -1.623   -91.7 IILEMARSARAVAPAUILMID bible_Swedish.npz P 221257 II/fr LE/fr MAR/pt SARA/it VA/it PAU/pt IL/fr MID/en
WOODm1  -1.658   -87.3 ARALDISUBOSOLEAISTOKW bible_Portuguese.npz P 567713 AR/pt AL/it DI/it SUB/la O/pt SOLEA/it ISTO/pt KW/en
WOODm1  -1.665   -94.0 EMFLOPLEANDEIAHISSTCE bible_Czech.npz D 249919 EM/pt FLOP/en LEAN/en DEI/it A/it HIS/en ST/en CE/fr
WOODm1  -1.671   -86.8 ZALUXSESUCIESFAITAVER bible_Afrikaans.npz P 565825 ZA/en LUX/la SE/es SU/es CI/it ES/de FAIT/fr AVER/it
WOODm1  -1.697   -93.4 MOLTEUGSGREPLAVIANELE bible_Afrikaans.npz P 270520 MOLTE/it UG/en SG/en REP/en LA/it VIA/it NELE/pt
WOODm1  -1.712   -87.1 BBDUEERNANANDEZUREFUS bible_Romanian.npz P 576850 BB/en DUE/it ER/de NAN/en ANDE/pt ZU/de REFUS/fr
WOODm1  -1.712   -92.3 GESTERZENCIGASEEKTSAM bible_Icelandic.npz P 570648 GES/de TERZEN/de CI/it GA/en SEEK/en TS/en AM/en
WOODm1  -1.723   -89.2 SIEEYENVIRCADUESOMESQ bible_Norwegian.npz D 693831 SIE/de E/it Y/es EN/es VIR/pt CA/pt DUE/it SOME/en SQ/en
GATE 40/40 recovered; plant floor -1.081; null ceiling -1.273
WOOD  -1.270   -80.1 HIERBINICHTOTSIENSTEW bible_German.npz D 533250 HIER/de BIN/de ICH/de TOT/de SIEN/fr STEW/en
WOOD  -1.493   -80.5 RASFATAFITEANDAMAPOSE bible_Romanian.npz P 715278 RAS/en FATA/la FIT/la E/pt ANDAM/pt APOS/pt E/pt
WOOD  -1.493   -80.5 RASFATAFITEANDAMAPOSE bible_Romanian.npz D 715278 RAS/en FATA/la FIT/la E/pt ANDAM/pt APOS/pt E/pt
WOOD  -1.545   -83.6 TUTANUMTOCAOANDEERSEL bible_Danish.npz P 402406 TUTA/la NUM/pt TOCA/pt O/pt ANDE/pt ERS/en EL/es
WOOD  -1.577   -90.0 BATAOSUESPITKINMENQUI bible_Danish.npz D 104204 BAT/de AO/pt SUE/it SPIT/en KIN/en MEN/en QUI/fr
WOOD  -1.588   -88.9 NOMRAMOPOCHARILSGENCH bible_Danish.npz P 544856 NOM/fr RAMO/it PO/it CHAR/fr ILS/fr GEN/de CH/it
WOOD  -1.639   -88.5 AVEAYESCROURAQUEAAPON bible_Polish.npz P 159275 AVEA/it YES/en CR/en OUR/en A/pt QUE/pt A/pt A/pt PON/it
WOOD  -1.663   -92.6 AABORGTUTOALEESVACOSA bible_Esperanto.npz D 555117 A/pt AB/la ORG/la TUTO/la A/es LE/es ES/es VA/es COSA/es
WOOD  -1.681   -89.2 OVEGENOVOPTAFOREIBIAS bible_Icelandic.npz P 309515 OVE/it GE/de NOVO/pt PT/en AFORE/en IBI/la AS/pt
WOOD  -1.681   -89.2 OVEGENOVOPTAFOREIBIAS bible_Icelandic.npz P 247453 OVE/it GE/de NOVO/pt PT/en AFORE/en IBI/la AS/pt
WOOD  -1.686   -91.9 IOQUEOLAIALTANREGTOCF bible_German.npz D 655549 IO/it QUE/pt O/pt LAI/it AL/it TAN/es REGT/de O/pt CF/fr
WOOD  -1.689   -93.2 ELATAFIMFEPOTETAINEXL bible_Spanish.npz P 109592 ELATA/la FIM/pt FE/it POTE/it TAI/it NE/fr XL/fr
WOOD  -1.694   -92.8 JECFITSOSNAVISEEDUREV bible_Afrikaans.npz P 618535 JE/fr CF/fr ITS/en OS/pt NAVIS/la E/it E/it DU/de REV/en
WOOD  -1.712   -93.5 ETJENTTANGAAPLAGAOVAL bible_French.npz P 70212 ET/fr JE/fr NT/en TANG/en A/pt A/pt PLAGA/la OVAL/en
WOOD  -1.719   -87.0 VEFURSESOIFURCHEREUDC bible_Afrikaans.npz P 61352 VE/pt FUR/de SE/pt SOI/fr FUR/de CHER/fr EU/fr DC/fr
