shards 3847 K 400294934 search s 1324
WOODm1  -1.264   -91.4 ALENRENDRAYCUTREFUGES da_2144.npz D 408858 AL/es EN/es RENDRA/fr Y/es CUT/en REFUGES/en
WOODm1  -1.374   -87.4 ROBANETQUAAETACUDIROU nl_19327.npz D 14280 ROBAN/es ET/la QUA/la A/fr ET/fr ACUDIR/es OU/fr
WOODm1  -1.398   -87.7 TAOBITYAMARIOSLOPATER de_2313.npz D 54612 TAO/pt BIT/en Y/es AMA/pt RIOS/pt LO/es PATER/la
WOODm1  -1.403   -89.2 OUTULEDEIOSEUTHINKTUE nl_17304.npz P 18722 OU/fr TU/fr LE/fr DE/fr IO/it SEU/pt THINK/en TUE/it
WOODm1  -1.412   -84.7 WINDSISTLELIRACRUEMMA es_50437.npz D 115669 WINDS/en IST/de LE/fr LIRA/pt CRU/fr EMMA/en
WOODm1  -1.421   -94.4 IDOSTUISDUECUJASQUURS sv_27249.npz P 4894 IDOS/es TUIS/la DUE/it CUJAS/pt QU/fr URS/fr
WOODm1  -1.421   -94.4 IDOSTUISDUECUJASQUURS sv_27249.npz D 4894 IDOS/es TUIS/la DUE/it CUJAS/pt QU/fr URS/fr
WOODm1  -1.422   -85.6 RUNGJACARTAORESERCEEN es_39613.npz P 48608 RUNG/en JA/pt CARTA/es ORE/la SER/es CE/fr EN/fr
WOODm1  -1.430   -84.7 TEISTOFLAPLESCHEPIAYO fr_6497.npz D 68784 TE/pt ISTO/pt FLAP/en LES/fr CHE/it PIA/it YO/es
WOODm1  -1.445   -85.9 RIOSLEGEGUNDIBARGEDIR fr_9655.npz D 15875 RIOS/pt LEGE/de GUN/en DI/it BARGE/en DIR/de
GATE 40/40 recovered; plant floor -1.081; null ceiling -1.207
WOOD  -1.313   -78.3 OFERANTREFUSAIDAUTIOR es_26947.npz P 6848 O/pt FERANT/la REFUSA/la IDA/la UTI/la OR/la
WOOD  -1.313   -78.3 OFERANTREFUSAIDAUTIOR es_26947.npz D 6848 O/pt FERANT/la REFUSA/la IDA/la UTI/la OR/la
WOOD  -1.318   -88.3 SUMACASYYAURASPARTYON de_20780.npz P 8711 SU/es MACAS/pt Y/es Y/es AURAS/la PARTY/en ON/en
WOOD  -1.371   -90.4 ACHBOUNDJUCASASETWELT it_45698.npz D 33151 ACH/de BOUND/en JU/en CASAS/pt ET/la WELT/de
WOOD  -1.417   -94.0 HUICDISSRFINSCISADEST nl_21409.npz D 35107 HUIC/la DIS/fr SR/fr FIN/fr SCIS/la ADEST/la
WOOD  -1.426   -93.1 POURANTOJEDAVAVALYMED nl_17549.npz D 38365 POUR/fr ANTOJE/fr DAVA/pt VAL/pt Y/es MED/en
WOOD  -1.431   -92.1 DIAJOESLEGGEESEXADAMS fr_16236.npz P 50043 DIA/es JOES/en LEGGE/it E/it SEX/en ADAMS/en
WOOD  -1.467   -84.3 STAYEARSOMASTILEODUNE la_27672.npz D 476434 STAY/en EAR/en SOMA/it STILE/it OD/it UNE/fr
WOOD  -1.504   -79.9 EELISUREINCOMEFELULES fi_15632.npz D 21707 E/it E/it LI/it SURE/en INCOME/en FE/it LU/fr LES/fr
WOOD  -1.506   -86.0 DIREASTEVUSARARICAEJA nl_23759.npz D 12440 DIRE/fr AS/pt TE/pt VU/fr SARA/it RICA/pt E/pt JA/pt
WOOD  -1.517   -94.0 DELTOPOCALAGEILLIYISY hu_67540.npz P 15449 DEL/es TO/es POCA/es LAGE/de ILLI/la Y/es IS/es Y/es
WOOD  -1.526   -87.5 CHETEMOENUGARYNASEAST eo_49233.npz D 658 CHE/it TEMO/it EN/es U/de GAR/de Y/es NAS/pt EAST/en
WOOD  -1.527   -84.8 OCHECASOARTHITUDALHIS nl_36225.npz P 90590 O/pt CHE/it CASO/pt ART/de HI/la TU/it DAL/it HIS/en
WOOD  -1.536   -80.5 ATSECAVENDTRADIGNALEX fr_12666.npz P 79028 AT/en SECA/pt VEND/fr TRA/it DIGNA/la LEX/en
WOOD  -1.538   -90.5 DCOSECCEUDOTOALSINIEO it_29325.npz P 29835 DC/fr OS/pt ECCE/la UDO/la TO/de ALS/de INIEO/pt

[exited with code 0]
